// Jest Snapshot v1, https://goo.gl/fbAQLP

exports[`renders correctly 1`] = `
<footer
  className="tsblue"
>
  <div
    className="container undefined"
  >
    <div
      className="valign-wrapper row undefined"
    >
      <div
        className="col l6 m6 s6 left-align valign"
      >
        <span
          className="white-text"
        >
          Created by 
        </span>
        <a
          className="black-text text-lighten-3"
          href="https://www.linkedin.com/in/joeypinhas/"
          target="blank"
        >
          Joey Pinhas
        </a>
      </div>
      <div
        className="col l6 m6 s6 right-align valign"
      >
        <a
          href="/signup"
          onClick={[Function]}
        >
          <img
            alt="Email Icon"
            src="https://cdn.tanachstudy.com/assets/icons/003-envelope.svg"
          />
        </a>
        <a
          href="https://www.facebook.com/tanachstudy"
          target="blank"
        >
          <img
            alt="FaceBook Icon"
            src="https://cdn.tanachstudy.com/assets/icons/037-facebook-logo.svg"
          />
        </a>
        <a
          href="https://itunes.apple.com/us/podcast/tanach-study/id930200652"
          target="blank"
        >
          <img
            alt="Podcasts Icon"
            src="https://cdn.tanachstudy.com/assets/icons/007-podcast-big-logo.svg"
          />
        </a>
        <a
          href="https://www.instagram.com/tanach_study"
          target="blank"
        >
          <img
            alt="Instagram Icon"
            src="https://cdn.tanachstudy.com/assets/icons/020-instagram-1.svg"
          />
        </a>
        <a
          href="https://www.youtube.com/channel/UC0b52aDc7f8VTtxT-Ktfb6Q/feed"
          target="blank"
        >
          <img
            alt="YouTube Icon"
            src="https://cdn.tanachstudy.com/assets/icons/036-youtube-logo.svg"
          />
        </a>
      </div>
    </div>
  </div>
</footer>
`;
